
Running Gradle task 'assembleRelease'...                        
flutter : 
At line:1 char:11
+ cd C:\Bl; flutter build 
apk --release > 
build_errors.txt 2>&1
+           ~~~~~~~~~~~~~~
~~~~~~~~~~~~~~~~~~~~~~~~~~
~~~~~~~~~~~
    + CategoryInfo        
      : NotSpecified: (:  
  String) [], RemoteExc   
 eption
    + FullyQualifiedError 
   Id : NativeCommandErr  
  or
 
FAILURE: Build failed 
with an exception.

* What went wrong:
Execution failed for task 
':flutter_blue_plus_androi
d:compileReleaseJavaWithJa
vac'.
> Could not resolve all 
files for configuration ':
flutter_blue_plus_android:
androidJdkImage'.
   > Failed to transform c
ore-for-system-modules.jar
 to match attributes {arti
factType=_internal_android
_jdk_image, org.gradle.lib
raryelements=jar, org.grad
le.usage=java-runtime}.
      > Execution failed 
for JdkImageTransform: C:\
Users\DELL\AppData\Local\A
ndroid\sdk\platforms\andro
id-34\core-for-system-modu
les.jar.
         > Error while 
executing process 
C:\Program 
Files\Android\Android 
Studio1\jbr\bin\jlink.exe 
with arguments 
{--module-path C:\Users\DE
LL\.gradle\caches\transfor
ms-3\1ca79e8e8f2ceeb55d550
1a392798bcf\transformed\ou
tput\temp\jmod 
--add-modules java.base 
--output C:\Users\DELL\.gr
adle\caches\transforms-3\1
ca79e8e8f2ceeb55d5501a3927
98bcf\transformed\output\j
dkImage --disable-plugin 
system-modules}

* Try:
> Run with --stacktrace 
option to get the stack 
trace.
> Run with --info or 
--debug option to get 
more log output.
> Run with --scan to get 
full insights.
> Get more help at 
https://help.gradle.org.

BUILD FAILED in 5s
Running Gradle task 'assembleRelease'...                            6.0s
Gradle task 
assembleRelease failed 
with exit code 1
